Analysis & Synthesis report for lab1_fsm
Thu Oct 07 22:29:42 2021
Quartus Prime Version 20.1.1 Build 720 11/11/2020 SJ Standard Edition


---------------------
; Table of Contents ;
---------------------
  1. Legal Notice
  2. Analysis & Synthesis Summary
  3. Analysis & Synthesis Settings
  4. Parallel Compilation
  5. Analysis & Synthesis Source Files Read
  6. Analysis & Synthesis Resource Usage Summary
  7. Analysis & Synthesis Resource Utilization by Entity
  8. Analysis & Synthesis DSP Block Usage Summary
  9. State Machine - |lab1_fsm|fsm:fsm0|currentState
 10. Registers Removed During Synthesis
 11. General Register Statistics
 12. Parameter Settings for User Entity Instance: Top-level Entity: |lab1_fsm
 13. Port Connectivity Checks: "mux8x1:mux8x1_amux"
 14. Port Connectivity Checks: "mux2x1:mux2x1_mmux"
 15. Post-Synthesis Netlist Statistics for Top Partition
 16. Elapsed Time Per Partition
 17. Analysis & Synthesis Messages



----------------
; Legal Notice ;
----------------
Copyright (C) 2020  Intel Corporation. All rights reserved.
Your use of Intel Corporation's design tools, logic functions 
and other software and tools, and any partner logic 
functions, and any output files from any of the foregoing 
(including device programming or simulation files), and any 
associated documentation or information are expressly subject 
to the terms and conditions of the Intel Program License 
Subscription Agreement, the Intel Quartus Prime License Agreement,
the Intel FPGA IP License Agreement, or other applicable license
agreement, including, without limitation, that your use is for
the sole purpose of programming logic devices manufactured by
Intel and sold by Intel or its authorized distributors.  Please
refer to the applicable agreement for further details, at
https://fpgasoftware.intel.com/eula.



+-------------------------------------------------------------------------------+
; Analysis & Synthesis Summary                                                  ;
+-----------------------------+-------------------------------------------------+
; Analysis & Synthesis Status ; Successful - Thu Oct 07 22:29:42 2021           ;
; Quartus Prime Version       ; 20.1.1 Build 720 11/11/2020 SJ Standard Edition ;
; Revision Name               ; lab1_fsm                                        ;
; Top-level Entity Name       ; lab1_fsm                                        ;
; Family                      ; Arria 10                                        ;
; Logic utilization (in ALMs) ; N/A                                             ;
; Total registers             ; 55                                              ;
; Total pins                  ; 1                                               ;
; Total virtual pins          ; 53                                              ;
; Total block memory bits     ; 0                                               ;
; Total DSP Blocks            ; 2                                               ;
; Total HSSI RX channels      ; 0                                               ;
; Total HSSI TX channels      ; 0                                               ;
; Total PLLs                  ; 0                                               ;
+-----------------------------+-------------------------------------------------+


+---------------------------------------------------------------------------------------------------------------------------+
; Analysis & Synthesis Settings                                                                                             ;
+---------------------------------------------------------------------------------+--------------------+--------------------+
; Option                                                                          ; Setting            ; Default Value      ;
+---------------------------------------------------------------------------------+--------------------+--------------------+
; Device                                                                          ; 10AX115N2F45I1SG   ;                    ;
; Top-level entity name                                                           ; lab1_fsm           ; lab1_fsm           ;
; Family name                                                                     ; Arria 10           ; Cyclone V          ;
; Maximum processors allowed for parallel compilation                             ; 2                  ;                    ;
; Use smart compilation                                                           ; Off                ; Off                ;
; Enable parallel Assembler and Timing Analyzer during compilation                ; On                 ; On                 ;
; Enable compact report table                                                     ; Off                ; Off                ;
; Restructure Multiplexers                                                        ; Auto               ; Auto               ;
; MLAB Add Timing Constraints For Mixed-Port Feed-Through Mode Setting Don't Care ; Off                ; Off                ;
; Create Debugging Nodes for IP Cores                                             ; Off                ; Off                ;
; Preserve fewer node names                                                       ; On                 ; On                 ;
; Intel FPGA IP Evaluation Mode                                                   ; Enable             ; Enable             ;
; Verilog Version                                                                 ; Verilog_2001       ; Verilog_2001       ;
; VHDL Version                                                                    ; VHDL_1993          ; VHDL_1993          ;
; State Machine Processing                                                        ; Auto               ; Auto               ;
; Safe State Machine                                                              ; Off                ; Off                ;
; Extract Verilog State Machines                                                  ; On                 ; On                 ;
; Extract VHDL State Machines                                                     ; On                 ; On                 ;
; Ignore Verilog initial constructs                                               ; Off                ; Off                ;
; Iteration limit for constant Verilog loops                                      ; 5000               ; 5000               ;
; Iteration limit for non-constant Verilog loops                                  ; 250                ; 250                ;
; Add Pass-Through Logic to Inferred RAMs                                         ; On                 ; On                 ;
; Infer RAMs from Raw Logic                                                       ; On                 ; On                 ;
; Parallel Synthesis                                                              ; On                 ; On                 ;
; DSP Block Balancing                                                             ; Auto               ; Auto               ;
; NOT Gate Push-Back                                                              ; On                 ; On                 ;
; Power-Up Don't Care                                                             ; On                 ; On                 ;
; Remove Redundant Logic Cells                                                    ; Off                ; Off                ;
; Remove Duplicate Registers                                                      ; On                 ; On                 ;
; Ignore CARRY Buffers                                                            ; Off                ; Off                ;
; Ignore CASCADE Buffers                                                          ; Off                ; Off                ;
; Ignore GLOBAL Buffers                                                           ; Off                ; Off                ;
; Ignore ROW GLOBAL Buffers                                                       ; Off                ; Off                ;
; Ignore LCELL Buffers                                                            ; Off                ; Off                ;
; Ignore SOFT Buffers                                                             ; On                 ; On                 ;
; Limit AHDL Integers to 32 Bits                                                  ; Off                ; Off                ;
; Optimization Technique                                                          ; Balanced           ; Balanced           ;
; Carry Chain Length                                                              ; 70                 ; 70                 ;
; Auto Carry Chains                                                               ; On                 ; On                 ;
; Auto Open-Drain Pins                                                            ; On                 ; On                 ;
; Perform WYSIWYG Primitive Resynthesis                                           ; Off                ; Off                ;
; Auto ROM Replacement                                                            ; On                 ; On                 ;
; Auto RAM Replacement                                                            ; On                 ; On                 ;
; Auto DSP Block Replacement                                                      ; On                 ; On                 ;
; Auto Shift Register Replacement                                                 ; Auto               ; Auto               ;
; Allow Shift Register Merging across Hierarchies                                 ; Auto               ; Auto               ;
; Auto Clock Enable Replacement                                                   ; On                 ; On                 ;
; Strict RAM Replacement                                                          ; Off                ; Off                ;
; Allow Synchronous Control Signals                                               ; On                 ; On                 ;
; Force Use of Synchronous Clear Signals                                          ; Off                ; Off                ;
; Auto Resource Sharing                                                           ; Off                ; Off                ;
; Allow Any RAM Size For Recognition                                              ; Off                ; Off                ;
; Allow Any ROM Size For Recognition                                              ; Off                ; Off                ;
; Allow Any Shift Register Size For Recognition                                   ; Off                ; Off                ;
; Use LogicLock Constraints during Resource Balancing                             ; On                 ; On                 ;
; Ignore translate_off and synthesis_off directives                               ; Off                ; Off                ;
; Timing-Driven Synthesis                                                         ; On                 ; On                 ;
; Report Parameter Settings                                                       ; On                 ; On                 ;
; Report Source Assignments                                                       ; On                 ; On                 ;
; Report Connectivity Checks                                                      ; On                 ; On                 ;
; Ignore Maximum Fan-Out Assignments                                              ; Off                ; Off                ;
; Synchronization Register Chain Length                                           ; 3                  ; 3                  ;
; Power Optimization During Synthesis                                             ; Normal compilation ; Normal compilation ;
; HDL message level                                                               ; Level2             ; Level2             ;
; Suppress Register Optimization Related Messages                                 ; Off                ; Off                ;
; Number of Removed Registers Reported in Synthesis Report                        ; 5000               ; 5000               ;
; Number of Rows Reported in Synthesis Migration Checks                           ; 5000               ; 5000               ;
; Number of Swept Nodes Reported in Synthesis Report                              ; 5000               ; 5000               ;
; Number of Inverted Registers Reported in Synthesis Report                       ; 100                ; 100                ;
; Clock MUX Protection                                                            ; On                 ; On                 ;
; Auto Gated Clock Conversion                                                     ; Off                ; Off                ;
; Block Design Naming                                                             ; Auto               ; Auto               ;
; SDC constraint protection                                                       ; Off                ; Off                ;
; Synthesis Effort                                                                ; Auto               ; Auto               ;
; Shift Register Replacement - Allow Asynchronous Clear Signal                    ; On                 ; On                 ;
; Analysis & Synthesis Message Level                                              ; Medium             ; Medium             ;
; Disable Register Merging Across Hierarchies                                     ; Auto               ; Auto               ;
; Resource Aware Inference For Block RAM                                          ; On                 ; On                 ;
; Automatic Parallel Synthesis                                                    ; On                 ; On                 ;
; Partial Reconfiguration Bitstream ID                                            ; Off                ; Off                ;
; Disable DSP Negate Inferencing                                                  ; Off                ; Off                ;
+---------------------------------------------------------------------------------+--------------------+--------------------+


+------------------------------------------+
; Parallel Compilation                     ;
+----------------------------+-------------+
; Processors                 ; Number      ;
+----------------------------+-------------+
; Number detected on machine ; 12          ;
; Maximum allowed            ; 2           ;
;                            ;             ;
; Average used               ; 1.00        ;
; Maximum used               ; 2           ;
;                            ;             ;
; Usage by Processor         ; % Time Used ;
;     Processor 1            ; 100.0%      ;
;     Processor 2            ;   0.0%      ;
+----------------------------+-------------+


+---------------------------------------------------------------------------------------------------------------------------------------------------------------------------------+
; Analysis & Synthesis Source Files Read                                                                                                                                          ;
+----------------------------------+-----------------+------------------------------+-----------------------------------------------------------------------------------+---------+
; File Name with User-Entered Path ; Used in Netlist ; File Type                    ; File Name with Absolute Path                                                      ; Library ;
+----------------------------------+-----------------+------------------------------+-----------------------------------------------------------------------------------+---------+
; lab1_fsm.sv                      ; yes             ; User SystemVerilog HDL File  ; C:/Users/ZaKaye/Desktop/Pixiv/MEng Study 2021 Fall/FPGA/lab1/lab1_fsm/lab1_fsm.sv ;         ;
+----------------------------------+-----------------+------------------------------+-----------------------------------------------------------------------------------+---------+


+---------------------------------------------------------+
; Analysis & Synthesis Resource Usage Summary             ;
+---------------------------------------------+-----------+
; Resource                                    ; Usage     ;
+---------------------------------------------+-----------+
; Estimate of Logic utilization (ALMs needed) ; 66        ;
;                                             ;           ;
; Combinational ALUT usage for logic          ; 56        ;
;     -- 7 input functions                    ; 0         ;
;     -- 6 input functions                    ; 0         ;
;     -- 5 input functions                    ; 1         ;
;     -- 4 input functions                    ; 40        ;
;     -- <=3 input functions                  ; 15        ;
;                                             ;           ;
; Dedicated logic registers                   ; 55        ;
;                                             ;           ;
; Virtual pins                                ; 53        ;
; I/O pins                                    ; 1         ;
;                                             ;           ;
; Total DSP Blocks                            ; 2         ;
;     -- Total Fixed Point DSP Blocks         ; 2         ;
;     -- Total Floating Point DSP Blocks      ; 0         ;
;                                             ;           ;
; Maximum fan-out node                        ; clk~input ;
; Maximum fan-out                             ; 55        ;
; Total fan-out                               ; 516       ;
; Average fan-out                             ; 3.07      ;
+---------------------------------------------+-----------+


+-------------------------------------------------------------------------------------------------------------------------------------------------------------------------------------------------+
; Analysis & Synthesis Resource Utilization by Entity                                                                                                                                             ;
+----------------------------+---------------------+---------------------------+-------------------+------------+------+--------------+------------------------------+-------------+--------------+
; Compilation Hierarchy Node ; Combinational ALUTs ; Dedicated Logic Registers ; Block Memory Bits ; DSP Blocks ; Pins ; Virtual Pins ; Full Hierarchy Name          ; Entity Name ; Library Name ;
+----------------------------+---------------------+---------------------------+-------------------+------------+------+--------------+------------------------------+-------------+--------------+
; |lab1_fsm                  ; 56 (0)              ; 55 (48)                   ; 0                 ; 2          ; 1    ; 53           ; |lab1_fsm                    ; lab1_fsm    ; work         ;
;    |addr32p16:Addr1|       ; 20 (20)             ; 0 (0)                     ; 0                 ; 0          ; 0    ; 0            ; |lab1_fsm|addr32p16:Addr1    ; addr32p16   ; work         ;
;    |fsm:fsm0|              ; 4 (4)               ; 7 (7)                     ; 0                 ; 0          ; 0    ; 0            ; |lab1_fsm|fsm:fsm0           ; fsm         ; work         ;
;    |mult32x16:Mult1|       ; 0 (0)               ; 0 (0)                     ; 0                 ; 2          ; 0    ; 0            ; |lab1_fsm|mult32x16:Mult1    ; mult32x16   ; work         ;
;    |mux2x1:mux2x1_mmux|    ; 32 (32)             ; 0 (0)                     ; 0                 ; 0          ; 0    ; 0            ; |lab1_fsm|mux2x1:mux2x1_mmux ; mux2x1      ; work         ;
+----------------------------+---------------------+---------------------------+-------------------+------------+------+--------------+------------------------------+-------------+--------------+
Note: For table entries with two numbers listed, the numbers in parentheses indicate the number of resources of the given type used by the specific entity alone. The numbers listed outside of parentheses indicate the total resources of the given type used by the specific entity and all of its sub-entities in the hierarchy.


+-----------------------------------------------+
; Analysis & Synthesis DSP Block Usage Summary  ;
+---------------------------------+-------------+
; Statistic                       ; Number Used ;
+---------------------------------+-------------+
; Two Independent 18x18           ; 1           ;
; Independent 18x18 plus 36       ; 1           ;
; Total number of DSP blocks      ; 2           ;
;                                 ;             ;
; Fixed Point Unsigned Multiplier ; 2           ;
+---------------------------------+-------------+


Encoding Type:  One-Hot
+----------------------------------------------------------------------------------------------------------------------------------------------------------------------------------------------------+
; State Machine - |lab1_fsm|fsm:fsm0|currentState                                                                                                                                                    ;
+------------------------+-----------------------+------------------------+------------------------+------------------------+------------------------+------------------------+----------------------+
; Name                   ; currentState.output_y ; currentState.compute_4 ; currentState.compute_3 ; currentState.compute_2 ; currentState.compute_1 ; currentState.compute_0 ; currentState.input_x ;
+------------------------+-----------------------+------------------------+------------------------+------------------------+------------------------+------------------------+----------------------+
; currentState.input_x   ; 0                     ; 0                      ; 0                      ; 0                      ; 0                      ; 0                      ; 0                    ;
; currentState.compute_0 ; 0                     ; 0                      ; 0                      ; 0                      ; 0                      ; 1                      ; 1                    ;
; currentState.compute_1 ; 0                     ; 0                      ; 0                      ; 0                      ; 1                      ; 0                      ; 1                    ;
; currentState.compute_2 ; 0                     ; 0                      ; 0                      ; 1                      ; 0                      ; 0                      ; 1                    ;
; currentState.compute_3 ; 0                     ; 0                      ; 1                      ; 0                      ; 0                      ; 0                      ; 1                    ;
; currentState.compute_4 ; 0                     ; 1                      ; 0                      ; 0                      ; 0                      ; 0                      ; 1                    ;
; currentState.output_y  ; 1                     ; 0                      ; 0                      ; 0                      ; 0                      ; 0                      ; 1                    ;
+------------------------+-----------------------+------------------------+------------------------+------------------------+------------------------+------------------------+----------------------+


+------------------------------------------------------------+
; Registers Removed During Synthesis                         ;
+---------------------------------------+--------------------+
; Register name                         ; Reason for Removal ;
+---------------------------------------+--------------------+
; fsm:fsm0|currentState~4               ; Lost fanout        ;
; fsm:fsm0|currentState~5               ; Lost fanout        ;
; fsm:fsm0|currentState~6               ; Lost fanout        ;
; Total Number of Removed Registers = 3 ;                    ;
+---------------------------------------+--------------------+


+------------------------------------------------------+
; General Register Statistics                          ;
+----------------------------------------------+-------+
; Statistic                                    ; Value ;
+----------------------------------------------+-------+
; Total registers                              ; 55    ;
; Number of registers using Synchronous Clear  ; 0     ;
; Number of registers using Synchronous Load   ; 0     ;
; Number of registers using Asynchronous Clear ; 55    ;
; Number of registers using Asynchronous Load  ; 0     ;
; Number of registers using Clock Enable       ; 48    ;
; Number of registers using Preset             ; 0     ;
+----------------------------------------------+-------+


+--------------------------------------------------------------------------+
; Parameter Settings for User Entity Instance: Top-level Entity: |lab1_fsm ;
+----------------+------------------+--------------------------------------+
; Parameter Name ; Value            ; Type                                 ;
+----------------+------------------+--------------------------------------+
; WIDTHIN        ; 16               ; Signed Integer                       ;
; WIDTHOUT       ; 32               ; Signed Integer                       ;
; A0             ; 0100000000000000 ; Unsigned Binary                      ;
; A1             ; 0100000000000000 ; Unsigned Binary                      ;
; A2             ; 0010000000000000 ; Unsigned Binary                      ;
; A3             ; 0000101010101010 ; Unsigned Binary                      ;
; A4             ; 0000001010101010 ; Unsigned Binary                      ;
; A5             ; 0000000010001000 ; Unsigned Binary                      ;
+----------------+------------------+--------------------------------------+
Note: In order to hide this table in the UI and the text report file, please set the "Show Parameter Settings in Synthesis Report" option in "Analysis and Synthesis Settings -> More Settings" to "Off".


+------------------------------------------------+
; Port Connectivity Checks: "mux8x1:mux8x1_amux" ;
+-----------+-------+----------+-----------------+
; Port      ; Type  ; Severity ; Details         ;
+-----------+-------+----------+-----------------+
; a[15..10] ; Input ; Info     ; Stuck at GND    ;
; a[9]      ; Input ; Info     ; Stuck at VCC    ;
; a[8]      ; Input ; Info     ; Stuck at GND    ;
; a[7]      ; Input ; Info     ; Stuck at VCC    ;
; a[6]      ; Input ; Info     ; Stuck at GND    ;
; a[5]      ; Input ; Info     ; Stuck at VCC    ;
; a[4]      ; Input ; Info     ; Stuck at GND    ;
; a[3]      ; Input ; Info     ; Stuck at VCC    ;
; a[2]      ; Input ; Info     ; Stuck at GND    ;
; a[1]      ; Input ; Info     ; Stuck at VCC    ;
; a[0]      ; Input ; Info     ; Stuck at GND    ;
; b[15..12] ; Input ; Info     ; Stuck at GND    ;
; b[11]     ; Input ; Info     ; Stuck at VCC    ;
; b[10]     ; Input ; Info     ; Stuck at GND    ;
; b[9]      ; Input ; Info     ; Stuck at VCC    ;
; b[8]      ; Input ; Info     ; Stuck at GND    ;
; b[7]      ; Input ; Info     ; Stuck at VCC    ;
; b[6]      ; Input ; Info     ; Stuck at GND    ;
; b[5]      ; Input ; Info     ; Stuck at VCC    ;
; b[4]      ; Input ; Info     ; Stuck at GND    ;
; b[3]      ; Input ; Info     ; Stuck at VCC    ;
; b[2]      ; Input ; Info     ; Stuck at GND    ;
; b[1]      ; Input ; Info     ; Stuck at VCC    ;
; b[0]      ; Input ; Info     ; Stuck at GND    ;
; c[15..14] ; Input ; Info     ; Stuck at GND    ;
; c[12..0]  ; Input ; Info     ; Stuck at GND    ;
; c[13]     ; Input ; Info     ; Stuck at VCC    ;
; d[13..0]  ; Input ; Info     ; Stuck at GND    ;
; d[15]     ; Input ; Info     ; Stuck at GND    ;
; d[14]     ; Input ; Info     ; Stuck at VCC    ;
; e[13..0]  ; Input ; Info     ; Stuck at GND    ;
; e[15]     ; Input ; Info     ; Stuck at GND    ;
; e[14]     ; Input ; Info     ; Stuck at VCC    ;
; f         ; Input ; Info     ; Stuck at GND    ;
; g         ; Input ; Info     ; Stuck at GND    ;
; h         ; Input ; Info     ; Stuck at GND    ;
+-----------+-------+----------+-----------------+


+------------------------------------------------+
; Port Connectivity Checks: "mux2x1:mux2x1_mmux" ;
+-----------+-------+----------+-----------------+
; Port      ; Type  ; Severity ; Details         ;
+-----------+-------+----------+-----------------+
; a[31..19] ; Input ; Info     ; Stuck at GND    ;
; a[17..15] ; Input ; Info     ; Stuck at GND    ;
; a[13..0]  ; Input ; Info     ; Stuck at GND    ;
; a[18]     ; Input ; Info     ; Stuck at VCC    ;
; a[14]     ; Input ; Info     ; Stuck at VCC    ;
+-----------+-------+----------+-----------------+


+-----------------------------------------------------+
; Post-Synthesis Netlist Statistics for Top Partition ;
+-----------------------+-----------------------------+
; Type                  ; Count                       ;
+-----------------------+-----------------------------+
; boundary_port         ; 54                          ;
; twentynm_ff           ; 55                          ;
;     CLR               ; 7                           ;
;     ENA CLR           ; 48                          ;
; twentynm_lcell_comb   ; 57                          ;
;     arith             ; 20                          ;
;         1 data inputs ; 12                          ;
;         4 data inputs ; 7                           ;
;         5 data inputs ; 1                           ;
;     normal            ; 37                          ;
;         1 data inputs ; 1                           ;
;         2 data inputs ; 2                           ;
;         3 data inputs ; 1                           ;
;         4 data inputs ; 33                          ;
; twentynm_mac          ; 2                           ;
;                       ;                             ;
; Max LUT depth         ; 2.90                        ;
; Average LUT depth     ; 1.09                        ;
+-----------------------+-----------------------------+


+-------------------------------+
; Elapsed Time Per Partition    ;
+----------------+--------------+
; Partition Name ; Elapsed Time ;
+----------------+--------------+
; Top            ; 00:00:00     ;
+----------------+--------------+


+-------------------------------+
; Analysis & Synthesis Messages ;
+-------------------------------+
Info: *******************************************************************
Info: Running Quartus Prime Analysis & Synthesis
    Info: Version 20.1.1 Build 720 11/11/2020 SJ Standard Edition
    Info: Processing started: Thu Oct 07 22:29:23 2021
Info: Command: quartus_map --read_settings_files=on --write_settings_files=off lab1_fsm -c lab1_fsm
Info (20032): Parallel compilation is enabled and will use up to 2 processors
Info (12021): Found 1 design units, including 1 entities, in source file lab1_fsm_tb.v
    Info (12023): Found entity 1: lab1_fsm_tb File: C:/Users/ZaKaye/Desktop/Pixiv/MEng Study 2021 Fall/FPGA/lab1/lab1_fsm/lab1_fsm_tb.v Line: 3
Info (12021): Found 6 design units, including 6 entities, in source file lab1_fsm.sv
    Info (12023): Found entity 1: lab1_fsm File: C:/Users/ZaKaye/Desktop/Pixiv/MEng Study 2021 Fall/FPGA/lab1/lab1_fsm/lab1_fsm.sv Line: 1
    Info (12023): Found entity 2: fsm File: C:/Users/ZaKaye/Desktop/Pixiv/MEng Study 2021 Fall/FPGA/lab1/lab1_fsm/lab1_fsm.sv Line: 68
    Info (12023): Found entity 3: mux2x1 File: C:/Users/ZaKaye/Desktop/Pixiv/MEng Study 2021 Fall/FPGA/lab1/lab1_fsm/lab1_fsm.sv Line: 177
    Info (12023): Found entity 4: mux8x1 File: C:/Users/ZaKaye/Desktop/Pixiv/MEng Study 2021 Fall/FPGA/lab1/lab1_fsm/lab1_fsm.sv Line: 196
    Info (12023): Found entity 5: mult32x16 File: C:/Users/ZaKaye/Desktop/Pixiv/MEng Study 2021 Fall/FPGA/lab1/lab1_fsm/lab1_fsm.sv Line: 249
    Info (12023): Found entity 6: addr32p16 File: C:/Users/ZaKaye/Desktop/Pixiv/MEng Study 2021 Fall/FPGA/lab1/lab1_fsm/lab1_fsm.sv Line: 271
Info (12127): Elaborating entity "lab1_fsm" for the top level hierarchy
Info (12128): Elaborating entity "fsm" for hierarchy "fsm:fsm0" File: C:/Users/ZaKaye/Desktop/Pixiv/MEng Study 2021 Fall/FPGA/lab1/lab1_fsm/lab1_fsm.sv Line: 41
Info (12128): Elaborating entity "mux2x1" for hierarchy "mux2x1:mux2x1_mmux" File: C:/Users/ZaKaye/Desktop/Pixiv/MEng Study 2021 Fall/FPGA/lab1/lab1_fsm/lab1_fsm.sv Line: 44
Info (12128): Elaborating entity "mux8x1" for hierarchy "mux8x1:mux8x1_amux" File: C:/Users/ZaKaye/Desktop/Pixiv/MEng Study 2021 Fall/FPGA/lab1/lab1_fsm/lab1_fsm.sv Line: 45
Info (12128): Elaborating entity "mult32x16" for hierarchy "mult32x16:Mult1" File: C:/Users/ZaKaye/Desktop/Pixiv/MEng Study 2021 Fall/FPGA/lab1/lab1_fsm/lab1_fsm.sv Line: 48
Info (12128): Elaborating entity "addr32p16" for hierarchy "addr32p16:Addr1" File: C:/Users/ZaKaye/Desktop/Pixiv/MEng Study 2021 Fall/FPGA/lab1/lab1_fsm/lab1_fsm.sv Line: 49
Info (286030): Timing-Driven Synthesis is running
Info (17049): 3 registers lost all their fanouts during netlist optimizations.
Info (15717): Design contains 53 virtual pins; timing numbers associated with paths containing virtual pins are estimates
    Info (15719): Pin "o_valid" is virtual output pin File: C:/Users/ZaKaye/Desktop/Pixiv/MEng Study 2021 Fall/FPGA/lab1/lab1_fsm/lab1_fsm.sv Line: 19
    Info (15719): Pin "o_ready" is virtual output pin File: C:/Users/ZaKaye/Desktop/Pixiv/MEng Study 2021 Fall/FPGA/lab1/lab1_fsm/lab1_fsm.sv Line: 20
    Info (15719): Pin "o_y[0]" is virtual output pin File: C:/Users/ZaKaye/Desktop/Pixiv/MEng Study 2021 Fall/FPGA/lab1/lab1_fsm/lab1_fsm.sv Line: 24
    Info (15719): Pin "o_y[1]" is virtual output pin File: C:/Users/ZaKaye/Desktop/Pixiv/MEng Study 2021 Fall/FPGA/lab1/lab1_fsm/lab1_fsm.sv Line: 24
    Info (15719): Pin "o_y[2]" is virtual output pin File: C:/Users/ZaKaye/Desktop/Pixiv/MEng Study 2021 Fall/FPGA/lab1/lab1_fsm/lab1_fsm.sv Line: 24
    Info (15719): Pin "o_y[3]" is virtual output pin File: C:/Users/ZaKaye/Desktop/Pixiv/MEng Study 2021 Fall/FPGA/lab1/lab1_fsm/lab1_fsm.sv Line: 24
    Info (15719): Pin "o_y[4]" is virtual output pin File: C:/Users/ZaKaye/Desktop/Pixiv/MEng Study 2021 Fall/FPGA/lab1/lab1_fsm/lab1_fsm.sv Line: 24
    Info (15719): Pin "o_y[5]" is virtual output pin File: C:/Users/ZaKaye/Desktop/Pixiv/MEng Study 2021 Fall/FPGA/lab1/lab1_fsm/lab1_fsm.sv Line: 24
    Info (15719): Pin "o_y[6]" is virtual output pin File: C:/Users/ZaKaye/Desktop/Pixiv/MEng Study 2021 Fall/FPGA/lab1/lab1_fsm/lab1_fsm.sv Line: 24
    Info (15719): Pin "o_y[7]" is virtual output pin File: C:/Users/ZaKaye/Desktop/Pixiv/MEng Study 2021 Fall/FPGA/lab1/lab1_fsm/lab1_fsm.sv Line: 24
    Info (15719): Pin "o_y[8]" is virtual output pin File: C:/Users/ZaKaye/Desktop/Pixiv/MEng Study 2021 Fall/FPGA/lab1/lab1_fsm/lab1_fsm.sv Line: 24
    Info (15719): Pin "o_y[9]" is virtual output pin File: C:/Users/ZaKaye/Desktop/Pixiv/MEng Study 2021 Fall/FPGA/lab1/lab1_fsm/lab1_fsm.sv Line: 24
    Info (15719): Pin "o_y[10]" is virtual output pin File: C:/Users/ZaKaye/Desktop/Pixiv/MEng Study 2021 Fall/FPGA/lab1/lab1_fsm/lab1_fsm.sv Line: 24
    Info (15719): Pin "o_y[11]" is virtual output pin File: C:/Users/ZaKaye/Desktop/Pixiv/MEng Study 2021 Fall/FPGA/lab1/lab1_fsm/lab1_fsm.sv Line: 24
    Info (15719): Pin "o_y[12]" is virtual output pin File: C:/Users/ZaKaye/Desktop/Pixiv/MEng Study 2021 Fall/FPGA/lab1/lab1_fsm/lab1_fsm.sv Line: 24
    Info (15719): Pin "o_y[13]" is virtual output pin File: C:/Users/ZaKaye/Desktop/Pixiv/MEng Study 2021 Fall/FPGA/lab1/lab1_fsm/lab1_fsm.sv Line: 24
    Info (15719): Pin "o_y[14]" is virtual output pin File: C:/Users/ZaKaye/Desktop/Pixiv/MEng Study 2021 Fall/FPGA/lab1/lab1_fsm/lab1_fsm.sv Line: 24
    Info (15719): Pin "o_y[15]" is virtual output pin File: C:/Users/ZaKaye/Desktop/Pixiv/MEng Study 2021 Fall/FPGA/lab1/lab1_fsm/lab1_fsm.sv Line: 24
    Info (15719): Pin "o_y[16]" is virtual output pin File: C:/Users/ZaKaye/Desktop/Pixiv/MEng Study 2021 Fall/FPGA/lab1/lab1_fsm/lab1_fsm.sv Line: 24
    Info (15719): Pin "o_y[17]" is virtual output pin File: C:/Users/ZaKaye/Desktop/Pixiv/MEng Study 2021 Fall/FPGA/lab1/lab1_fsm/lab1_fsm.sv Line: 24
    Info (15719): Pin "o_y[18]" is virtual output pin File: C:/Users/ZaKaye/Desktop/Pixiv/MEng Study 2021 Fall/FPGA/lab1/lab1_fsm/lab1_fsm.sv Line: 24
    Info (15719): Pin "o_y[19]" is virtual output pin File: C:/Users/ZaKaye/Desktop/Pixiv/MEng Study 2021 Fall/FPGA/lab1/lab1_fsm/lab1_fsm.sv Line: 24
    Info (15719): Pin "o_y[20]" is virtual output pin File: C:/Users/ZaKaye/Desktop/Pixiv/MEng Study 2021 Fall/FPGA/lab1/lab1_fsm/lab1_fsm.sv Line: 24
    Info (15719): Pin "o_y[21]" is virtual output pin File: C:/Users/ZaKaye/Desktop/Pixiv/MEng Study 2021 Fall/FPGA/lab1/lab1_fsm/lab1_fsm.sv Line: 24
    Info (15719): Pin "o_y[22]" is virtual output pin File: C:/Users/ZaKaye/Desktop/Pixiv/MEng Study 2021 Fall/FPGA/lab1/lab1_fsm/lab1_fsm.sv Line: 24
    Info (15719): Pin "o_y[23]" is virtual output pin File: C:/Users/ZaKaye/Desktop/Pixiv/MEng Study 2021 Fall/FPGA/lab1/lab1_fsm/lab1_fsm.sv Line: 24
    Info (15719): Pin "o_y[24]" is virtual output pin File: C:/Users/ZaKaye/Desktop/Pixiv/MEng Study 2021 Fall/FPGA/lab1/lab1_fsm/lab1_fsm.sv Line: 24
    Info (15719): Pin "o_y[25]" is virtual output pin File: C:/Users/ZaKaye/Desktop/Pixiv/MEng Study 2021 Fall/FPGA/lab1/lab1_fsm/lab1_fsm.sv Line: 24
    Info (15719): Pin "o_y[26]" is virtual output pin File: C:/Users/ZaKaye/Desktop/Pixiv/MEng Study 2021 Fall/FPGA/lab1/lab1_fsm/lab1_fsm.sv Line: 24
    Info (15719): Pin "o_y[27]" is virtual output pin File: C:/Users/ZaKaye/Desktop/Pixiv/MEng Study 2021 Fall/FPGA/lab1/lab1_fsm/lab1_fsm.sv Line: 24
    Info (15719): Pin "o_y[28]" is virtual output pin File: C:/Users/ZaKaye/Desktop/Pixiv/MEng Study 2021 Fall/FPGA/lab1/lab1_fsm/lab1_fsm.sv Line: 24
    Info (15719): Pin "o_y[29]" is virtual output pin File: C:/Users/ZaKaye/Desktop/Pixiv/MEng Study 2021 Fall/FPGA/lab1/lab1_fsm/lab1_fsm.sv Line: 24
    Info (15719): Pin "o_y[30]" is virtual output pin File: C:/Users/ZaKaye/Desktop/Pixiv/MEng Study 2021 Fall/FPGA/lab1/lab1_fsm/lab1_fsm.sv Line: 24
    Info (15719): Pin "o_y[31]" is virtual output pin File: C:/Users/ZaKaye/Desktop/Pixiv/MEng Study 2021 Fall/FPGA/lab1/lab1_fsm/lab1_fsm.sv Line: 24
    Info (15718): Pin "i_ready" is virtual input pin File: C:/Users/ZaKaye/Desktop/Pixiv/MEng Study 2021 Fall/FPGA/lab1/lab1_fsm/lab1_fsm.sv Line: 18
    Info (15718): Pin "reset" is virtual input pin File: C:/Users/ZaKaye/Desktop/Pixiv/MEng Study 2021 Fall/FPGA/lab1/lab1_fsm/lab1_fsm.sv Line: 15
    Info (15718): Pin "i_valid" is virtual input pin File: C:/Users/ZaKaye/Desktop/Pixiv/MEng Study 2021 Fall/FPGA/lab1/lab1_fsm/lab1_fsm.sv Line: 17
    Info (15718): Pin "i_x[0]" is virtual input pin File: C:/Users/ZaKaye/Desktop/Pixiv/MEng Study 2021 Fall/FPGA/lab1/lab1_fsm/lab1_fsm.sv Line: 22
    Info (15718): Pin "i_x[1]" is virtual input pin File: C:/Users/ZaKaye/Desktop/Pixiv/MEng Study 2021 Fall/FPGA/lab1/lab1_fsm/lab1_fsm.sv Line: 22
    Info (15718): Pin "i_x[2]" is virtual input pin File: C:/Users/ZaKaye/Desktop/Pixiv/MEng Study 2021 Fall/FPGA/lab1/lab1_fsm/lab1_fsm.sv Line: 22
    Info (15718): Pin "i_x[3]" is virtual input pin File: C:/Users/ZaKaye/Desktop/Pixiv/MEng Study 2021 Fall/FPGA/lab1/lab1_fsm/lab1_fsm.sv Line: 22
    Info (15718): Pin "i_x[4]" is virtual input pin File: C:/Users/ZaKaye/Desktop/Pixiv/MEng Study 2021 Fall/FPGA/lab1/lab1_fsm/lab1_fsm.sv Line: 22
    Info (15718): Pin "i_x[5]" is virtual input pin File: C:/Users/ZaKaye/Desktop/Pixiv/MEng Study 2021 Fall/FPGA/lab1/lab1_fsm/lab1_fsm.sv Line: 22
    Info (15718): Pin "i_x[6]" is virtual input pin File: C:/Users/ZaKaye/Desktop/Pixiv/MEng Study 2021 Fall/FPGA/lab1/lab1_fsm/lab1_fsm.sv Line: 22
    Info (15718): Pin "i_x[7]" is virtual input pin File: C:/Users/ZaKaye/Desktop/Pixiv/MEng Study 2021 Fall/FPGA/lab1/lab1_fsm/lab1_fsm.sv Line: 22
    Info (15718): Pin "i_x[8]" is virtual input pin File: C:/Users/ZaKaye/Desktop/Pixiv/MEng Study 2021 Fall/FPGA/lab1/lab1_fsm/lab1_fsm.sv Line: 22
    Info (15718): Pin "i_x[9]" is virtual input pin File: C:/Users/ZaKaye/Desktop/Pixiv/MEng Study 2021 Fall/FPGA/lab1/lab1_fsm/lab1_fsm.sv Line: 22
    Info (15718): Pin "i_x[10]" is virtual input pin File: C:/Users/ZaKaye/Desktop/Pixiv/MEng Study 2021 Fall/FPGA/lab1/lab1_fsm/lab1_fsm.sv Line: 22
    Info (15718): Pin "i_x[11]" is virtual input pin File: C:/Users/ZaKaye/Desktop/Pixiv/MEng Study 2021 Fall/FPGA/lab1/lab1_fsm/lab1_fsm.sv Line: 22
    Info (15718): Pin "i_x[12]" is virtual input pin File: C:/Users/ZaKaye/Desktop/Pixiv/MEng Study 2021 Fall/FPGA/lab1/lab1_fsm/lab1_fsm.sv Line: 22
    Info (15718): Pin "i_x[13]" is virtual input pin File: C:/Users/ZaKaye/Desktop/Pixiv/MEng Study 2021 Fall/FPGA/lab1/lab1_fsm/lab1_fsm.sv Line: 22
    Info (15718): Pin "i_x[14]" is virtual input pin File: C:/Users/ZaKaye/Desktop/Pixiv/MEng Study 2021 Fall/FPGA/lab1/lab1_fsm/lab1_fsm.sv Line: 22
    Info (15718): Pin "i_x[15]" is virtual input pin File: C:/Users/ZaKaye/Desktop/Pixiv/MEng Study 2021 Fall/FPGA/lab1/lab1_fsm/lab1_fsm.sv Line: 22
Warning (15752): Ignored 2 Virtual Pin logic option assignments
    Warning (15751): Ignored Virtual Pin assignment to "i_x".
    Warning (15751): Ignored Virtual Pin assignment to "o_y".
Info (21057): Implemented 128 device resources after synthesis - the final resource count might be different
    Info (21058): Implemented 1 input pins
    Info (21059): Implemented 0 output pins
    Info (21061): Implemented 125 logic cells
    Info (21062): Implemented 2 DSP elements
Info: Quartus Prime Analysis & Synthesis was successful. 0 errors, 3 warnings
    Info: Peak virtual memory: 4801 megabytes
    Info: Processing ended: Thu Oct 07 22:29:42 2021
    Info: Elapsed time: 00:00:19
    Info: Total CPU time (on all processors): 00:00:15


