Exploration report for lab2
Thu Oct 28 15:21:53 2021
Quartus Prime Version 20.1.1 Build 720 11/11/2020 SJ Standard Edition


+------------------+
; Table of Contents;
+------------------+
  1. Legal Notice
  2. Exploration Summary
  3. DSE Messages

+-------------+
; Legal Notice;
+-------------+
Copyright (C) 1991-2021 Altera Corporation. All rights reserved.
Your use of Intel Corporation's design tools, logic functions 
and other software and tools, and any partner logic 
functions, and any output files from any of the foregoing 
(including device programming or simulation files), and any 
associated documentation or information are expressly subject 
to the terms and conditions of the Intel Program License 
Subscription Agreement, the Intel Quartus Prime License Agreement,
the Intel FPGA IP License Agreement, or other applicable license
agreement, including, without limitation, that your use is for
the sole purpose of programming logic devices manufactured by
Intel and sold by Intel or its authorized distributors.  Please
refer to the applicable agreement for further details, at
https://fpgasoftware.intel.com/eula.


+------------------------------------------------------------------------------------------------------------------------------------------------------+
; Exploration Summary                                                                                                                                  ;
+-----------------+--------------+--------------+---------------+--------------+------------------+-----------------+-----------------+----------------+
;Exploration Point;Quality of Fit;f(MAX) Geomean;WC Slack: Setup;WC Slack: Hold;WC Slack: Recovery;WC Slack: Removal;Logic Utilization;Compilation Time;
+-----------------+--------------+--------------+---------------+--------------+------------------+-----------------+-----------------+----------------+
;dse1_1           ;        -1.480;401.450 MHz   ;         -1.491;         0.018;No Data           ;No Data          ;2,497            ;00:07:21        ;
;dse1_2           ;        -1.320;429.000 MHz   ;         -1.331;         0.016;No Data           ;No Data          ;2,496            ;00:07:03        ;
;dse1_3           ;        -1.320;428.820 MHz   ;         -1.332;         0.016;No Data           ;No Data          ;2,496            ;00:07:05        ;
;dse1_4           ;        -1.320;429.000 MHz   ;         -1.331;         0.015;No Data           ;No Data          ;2,496            ;00:06:59        ;
;dse1_5           ;        -1.340;425.710 MHz   ;         -1.349;         0.016;No Data           ;No Data          ;2,499            ;00:07:04        ;
;dse1_base        ;        -1.320;429.000 MHz   ;         -1.331;         0.016;No Data           ;No Data          ;2,496            ;00:07:25        ;
+-----------------+--------------+--------------+---------------+--------------+------------------+-----------------+-----------------+----------------+

+-------------+
; DSE Messages;
+-------------+
Info: Archiving C:/Users/ZaKaye/Desktop/Pixiv/MEng_Study_2021_Fall/FPGA/lab2/lab2-fpga-1/dse/dse1/dse1_14/lab2.qpf revision lab2 ...
Info: Job 1 : quartus_sh --ipc_json --flow compile lab2.qsf
Info: Job 2 : quartus_sh --ipc_json --flow compile lab2.qsf
Info: Job 3 : quartus_sh --ipc_json --flow compile lab2.qsf
Info: Job 4 : quartus_sh --ipc_json --flow compile lab2.qsf
Info: Job 5 : quartus_sh --ipc_json --flow compile lab2.qsf
Info: Job 6 : quartus_sh --ipc_json --flow compile lab2.qsf
Info: Explorer server: http://localhost:60079 started.
Info: Starting area (aggressive) exploration
Info: Revision: dse1_1 will be compiled on compute node: DESKTOP-G052NLR
Info: Exploration Point dse1_1 reported: Registering self with server http://localhost:60079/api/v1.0/broker/server/
Info: Exploration Point dse1_1 reported: Successfully registered with server.
Info: Revision: dse1_base will be compiled on compute node: DESKTOP-G052NLR
Info: Exploration Point dse1_base reported: Registering self with server http://localhost:60079/api/v1.0/broker/server/
Info: Exploration Point dse1_base reported: Successfully registered with server.
Info: Exploration Point dse1_base reported: Starting compilation quartus_sh --ipc_json --flow compile lab2.qsf
Info: Exploration Point dse1_base reported: Sent timestamps successfully
Info: Exploration Point dse1_base reported: Preparing to compile lab2 ...
Info: Exploration Point dse1_base reported: Downloading lab2.qar.sha256 ...
Info: Exploration Point dse1_base reported: Finished download.
Info: Exploration Point dse1_base reported: Verified dse/dse1/dse1_base\lab2.qar.sha256 exists.
Info: Exploration Point dse1_base reported: Downloading lab2.qar ...
Info: Exploration Point dse1_base reported: Finished download.
Info: Exploration Point dse1_base reported: Verified dse/dse1/dse1_base\lab2.qar exists.
Info: Exploration Point dse1_base reported: Download successful. Checksum matched expected value.
Info: Exploration Point dse1_base reported: Running quartus_sh --restore -output dse/dse1/dse1_base dse/dse1/dse1_base\lab2.qar
Info: Exploration Point dse1_1 reported: Starting compilation quartus_sh --ipc_json --flow compile lab2.qsf
Info: Exploration Point dse1_1 reported: Sent timestamps successfully
Info: Exploration Point dse1_1 reported: Preparing to compile lab2 ...
Info: Exploration Point dse1_1 reported: Downloading lab2.qar.sha256 ...
Info: Exploration Point dse1_1 reported: Finished download.
Info: Exploration Point dse1_1 reported: Verified dse/dse1/dse1_1\lab2.qar.sha256 exists.
Info: Exploration Point dse1_1 reported: Downloading lab2.qar ...
Info: Exploration Point dse1_1 reported: Finished download.
Info: Exploration Point dse1_1 reported: Verified dse/dse1/dse1_1\lab2.qar exists.
Info: Exploration Point dse1_1 reported: Download successful. Checksum matched expected value.
Info: Exploration Point dse1_1 reported: Running quartus_sh --restore -output dse/dse1/dse1_1 dse/dse1/dse1_1\lab2.qar
Info: Exploration Point dse1_1 reported: Downloading dse1_1.qsf ...
Info: Exploration Point dse1_1 reported: Finished download.
Info: Exploration Point dse1_1 reported: Verified C:\Users\ZaKaye\Desktop\Pixiv\MEng_Study_2021_Fall\FPGA\lab2\lab2-fpga-1\dse\dse1\dse1_14\dse/dse1/dse1_1\lab2.qsf exists.
Info: Exploration Point dse1_1 reported: Downloading dse1_1.qpf ...
Info: Exploration Point dse1_1 reported: Finished download.
Info: Exploration Point dse1_1 reported: Verified dse/dse1/dse1_1\lab2.qpf exists.
Info: Exploration Point dse1_1 reported: Sent timestamps successfully
Info: Exploration Point dse1_1 reported: Sent timestamps successfully
Info: Exploration Point dse1_base reported: Downloading dse1_base.qsf ...
Info: Exploration Point dse1_base reported: Finished download.
Info: Exploration Point dse1_base reported: Verified C:\Users\ZaKaye\Desktop\Pixiv\MEng_Study_2021_Fall\FPGA\lab2\lab2-fpga-1\dse\dse1\dse1_14\dse/dse1/dse1_base\lab2.qsf exists.
Info: Exploration Point dse1_base reported: Downloading dse1_base.qpf ...
Info: Exploration Point dse1_base reported: Finished download.
Info: Exploration Point dse1_base reported: Verified dse/dse1/dse1_base\lab2.qpf exists.
Info: Exploration Point dse1_base reported: Sent timestamps successfully
Info: Exploration Point dse1_base reported: Sent timestamps successfully
Info: Exploration Point dse1_1 reported: Compilation finished. 0 msgs
Info: Exploration Point dse1_1 reported: Processing keep results option: all
Info: Exploration Point dse1_base reported: Compilation finished. 0 msgs
Info: Exploration Point dse1_base reported: Processing keep results option: all
Info: Revision: dse1_2 will be compiled on compute node: DESKTOP-G052NLR
Info: Exploration Point dse1_2 reported: Registering self with server http://localhost:60079/api/v1.0/broker/server/
Info: Exploration Point dse1_2 reported: Successfully registered with server.
Info: Exploration Point dse1_2 reported: Starting compilation quartus_sh --ipc_json --flow compile lab2.qsf
Info: Exploration Point dse1_2 reported: Sent timestamps successfully
Info: Exploration Point dse1_2 reported: Preparing to compile lab2 ...
Info: Exploration Point dse1_2 reported: Downloading lab2.qar.sha256 ...
Info: Exploration Point dse1_2 reported: Finished download.
Info: Exploration Point dse1_2 reported: Verified dse/dse1/dse1_2\lab2.qar.sha256 exists.
Info: Exploration Point dse1_2 reported: Downloading lab2.qar ...
Info: Exploration Point dse1_2 reported: Finished download.
Info: Exploration Point dse1_2 reported: Verified dse/dse1/dse1_2\lab2.qar exists.
Info: Exploration Point dse1_2 reported: Download successful. Checksum matched expected value.
Info: Exploration Point dse1_2 reported: Running quartus_sh --restore -output dse/dse1/dse1_2 dse/dse1/dse1_2\lab2.qar
Info: Exploration Point dse1_2 reported: Downloading dse1_2.qsf ...
Info: Exploration Point dse1_2 reported: Finished download.
Info: Exploration Point dse1_2 reported: Verified C:\Users\ZaKaye\Desktop\Pixiv\MEng_Study_2021_Fall\FPGA\lab2\lab2-fpga-1\dse\dse1\dse1_14\dse/dse1/dse1_2\lab2.qsf exists.
Info: Exploration Point dse1_2 reported: Downloading dse1_2.qpf ...
Info: Exploration Point dse1_2 reported: Finished download.
Info: Exploration Point dse1_2 reported: Verified dse/dse1/dse1_2\lab2.qpf exists.
Info: Exploration Point dse1_2 reported: Sent timestamps successfully
Info: Exploration Point dse1_2 reported: Sent timestamps successfully
Info: Revision: dse1_3 will be compiled on compute node: DESKTOP-G052NLR
Info: Exploration Point dse1_3 reported: Registering self with server http://localhost:60079/api/v1.0/broker/server/
Info: Exploration Point dse1_3 reported: Successfully registered with server.
Info: Exploration Point dse1_3 reported: Starting compilation quartus_sh --ipc_json --flow compile lab2.qsf
Info: Exploration Point dse1_3 reported: Sent timestamps successfully
Info: Exploration Point dse1_3 reported: Preparing to compile lab2 ...
Info: Exploration Point dse1_3 reported: Downloading lab2.qar.sha256 ...
Info: Exploration Point dse1_3 reported: Finished download.
Info: Exploration Point dse1_3 reported: Verified dse/dse1/dse1_3\lab2.qar.sha256 exists.
Info: Exploration Point dse1_3 reported: Downloading lab2.qar ...
Info: Exploration Point dse1_3 reported: Finished download.
Info: Exploration Point dse1_3 reported: Verified dse/dse1/dse1_3\lab2.qar exists.
Info: Exploration Point dse1_3 reported: Download successful. Checksum matched expected value.
Info: Exploration Point dse1_3 reported: Running quartus_sh --restore -output dse/dse1/dse1_3 dse/dse1/dse1_3\lab2.qar
Info: Exploration Point dse1_3 reported: Downloading dse1_3.qsf ...
Info: Exploration Point dse1_3 reported: Finished download.
Info: Exploration Point dse1_3 reported: Verified C:\Users\ZaKaye\Desktop\Pixiv\MEng_Study_2021_Fall\FPGA\lab2\lab2-fpga-1\dse\dse1\dse1_14\dse/dse1/dse1_3\lab2.qsf exists.
Info: Exploration Point dse1_3 reported: Downloading dse1_3.qpf ...
Info: Exploration Point dse1_3 reported: Finished download.
Info: Exploration Point dse1_3 reported: Verified dse/dse1/dse1_3\lab2.qpf exists.
Info: Exploration Point dse1_3 reported: Sent timestamps successfully
Info: Exploration Point dse1_3 reported: Sent timestamps successfully
Info: Exploration Point dse1_2 reported: Compilation finished. 0 msgs
Info: Exploration Point dse1_2 reported: Processing keep results option: all
Info: Exploration Point dse1_3 reported: Compilation finished. 0 msgs
Info: Exploration Point dse1_3 reported: Processing keep results option: all
Info: Revision: dse1_4 will be compiled on compute node: DESKTOP-G052NLR
Info: Exploration Point dse1_4 reported: Registering self with server http://localhost:60079/api/v1.0/broker/server/
Info: Exploration Point dse1_4 reported: Successfully registered with server.
Info: Exploration Point dse1_4 reported: Starting compilation quartus_sh --ipc_json --flow compile lab2.qsf
Info: Exploration Point dse1_4 reported: Sent timestamps successfully
Info: Exploration Point dse1_4 reported: Preparing to compile lab2 ...
Info: Exploration Point dse1_4 reported: Downloading lab2.qar.sha256 ...
Info: Exploration Point dse1_4 reported: Finished download.
Info: Exploration Point dse1_4 reported: Verified dse/dse1/dse1_4\lab2.qar.sha256 exists.
Info: Exploration Point dse1_4 reported: Downloading lab2.qar ...
Info: Exploration Point dse1_4 reported: Finished download.
Info: Exploration Point dse1_4 reported: Verified dse/dse1/dse1_4\lab2.qar exists.
Info: Exploration Point dse1_4 reported: Download successful. Checksum matched expected value.
Info: Exploration Point dse1_4 reported: Running quartus_sh --restore -output dse/dse1/dse1_4 dse/dse1/dse1_4\lab2.qar
Info: Exploration Point dse1_4 reported: Downloading dse1_4.qsf ...
Info: Exploration Point dse1_4 reported: Finished download.
Info: Exploration Point dse1_4 reported: Verified C:\Users\ZaKaye\Desktop\Pixiv\MEng_Study_2021_Fall\FPGA\lab2\lab2-fpga-1\dse\dse1\dse1_14\dse/dse1/dse1_4\lab2.qsf exists.
Info: Exploration Point dse1_4 reported: Downloading dse1_4.qpf ...
Info: Exploration Point dse1_4 reported: Finished download.
Info: Exploration Point dse1_4 reported: Verified dse/dse1/dse1_4\lab2.qpf exists.
Info: Exploration Point dse1_4 reported: Sent timestamps successfully
Info: Exploration Point dse1_4 reported: Sent timestamps successfully
Info: Revision: dse1_5 will be compiled on compute node: DESKTOP-G052NLR
Info: Exploration Point dse1_5 reported: Registering self with server http://localhost:60079/api/v1.0/broker/server/
Info: Exploration Point dse1_5 reported: Successfully registered with server.
Info: Exploration Point dse1_5 reported: Starting compilation quartus_sh --ipc_json --flow compile lab2.qsf
Info: Exploration Point dse1_5 reported: Sent timestamps successfully
Info: Exploration Point dse1_5 reported: Preparing to compile lab2 ...
Info: Exploration Point dse1_5 reported: Downloading lab2.qar.sha256 ...
Info: Exploration Point dse1_5 reported: Finished download.
Info: Exploration Point dse1_5 reported: Verified dse/dse1/dse1_5\lab2.qar.sha256 exists.
Info: Exploration Point dse1_5 reported: Downloading lab2.qar ...
Info: Exploration Point dse1_5 reported: Finished download.
Info: Exploration Point dse1_5 reported: Verified dse/dse1/dse1_5\lab2.qar exists.
Info: Exploration Point dse1_5 reported: Download successful. Checksum matched expected value.
Info: Exploration Point dse1_5 reported: Running quartus_sh --restore -output dse/dse1/dse1_5 dse/dse1/dse1_5\lab2.qar
Info: Exploration Point dse1_5 reported: Downloading dse1_5.qsf ...
Info: Exploration Point dse1_5 reported: Finished download.
Info: Exploration Point dse1_5 reported: Verified C:\Users\ZaKaye\Desktop\Pixiv\MEng_Study_2021_Fall\FPGA\lab2\lab2-fpga-1\dse\dse1\dse1_14\dse/dse1/dse1_5\lab2.qsf exists.
Info: Exploration Point dse1_5 reported: Downloading dse1_5.qpf ...
Info: Exploration Point dse1_5 reported: Finished download.
Info: Exploration Point dse1_5 reported: Verified dse/dse1/dse1_5\lab2.qpf exists.
Info: Exploration Point dse1_5 reported: Sent timestamps successfully
Info: Exploration Point dse1_5 reported: Sent timestamps successfully
Info: Exploration Point dse1_4 reported: Compilation finished. 0 msgs
Info: Exploration Point dse1_4 reported: Processing keep results option: all
Info: Exploration Point dse1_5 reported: Compilation finished. 0 msgs
Info: Exploration Point dse1_5 reported: Processing keep results option: all
Info: Completed exploration. Results: 6 passed; 0 failed.
Info: Processing ended: Thu Oct 28 15:21:39 2021
Info: Elapsed time: 0:28:49

