Timing Analyzer report for lab2
Wed Oct 27 21:39:45 2021
Quartus Prime Version 20.1.1 Build 720 11/11/2020 SJ Standard Edition


---------------------
; Table of Contents ;
---------------------
  1. Legal Notice
  2. Timing Analyzer Summary
  3. Parallel Compilation
  4. SDC File List
  5. Clocks
  6. Slow 900mV 100C Model Fmax Summary
  7. Timing Closure Recommendations
  8. Slow 900mV 100C Model Setup Summary
  9. Slow 900mV 100C Model Hold Summary
 10. Slow 900mV 100C Model Recovery Summary
 11. Slow 900mV 100C Model Removal Summary
 12. Slow 900mV 100C Model Minimum Pulse Width Summary
 13. Slow 900mV 100C Model Metastability Summary
 14. Slow 900mV 0C Model Fmax Summary
 15. Slow 900mV 0C Model Setup Summary
 16. Slow 900mV 0C Model Hold Summary
 17. Slow 900mV 0C Model Recovery Summary
 18. Slow 900mV 0C Model Removal Summary
 19. Slow 900mV 0C Model Minimum Pulse Width Summary
 20. Slow 900mV 0C Model Metastability Summary
 21. Fast 900mV 100C Model Setup Summary
 22. Fast 900mV 100C Model Hold Summary
 23. Fast 900mV 100C Model Recovery Summary
 24. Fast 900mV 100C Model Removal Summary
 25. Fast 900mV 100C Model Minimum Pulse Width Summary
 26. Fast 900mV 100C Model Metastability Summary
 27. Fast 900mV 0C Model Setup Summary
 28. Fast 900mV 0C Model Hold Summary
 29. Fast 900mV 0C Model Recovery Summary
 30. Fast 900mV 0C Model Removal Summary
 31. Fast 900mV 0C Model Minimum Pulse Width Summary
 32. Fast 900mV 0C Model Metastability Summary
 33. Multicorner Timing Analysis Summary
 34. Board Trace Model Assignments
 35. Input Transition Times
 36. Signal Integrity Metrics (Slow 900mv 100c Model)
 37. Signal Integrity Metrics (Fast 900mv 0c Model)
 38. Setup Transfers
 39. Hold Transfers
 40. Unconstrained Paths Summary
 41. Clock Status Summary
 42. Unconstrained Input Ports
 43. Unconstrained Output Ports
 44. Unconstrained Input Ports
 45. Unconstrained Output Ports
 46. Timing Analyzer Messages



----------------
; Legal Notice ;
----------------
Copyright (C) 2020  Intel Corporation. All rights reserved.
Your use of Intel Corporation's design tools, logic functions 
and other software and tools, and any partner logic 
functions, and any output files from any of the foregoing 
(including device programming or simulation files), and any 
associated documentation or information are expressly subject 
to the terms and conditions of the Intel Program License 
Subscription Agreement, the Intel Quartus Prime License Agreement,
the Intel FPGA IP License Agreement, or other applicable license
agreement, including, without limitation, that your use is for
the sole purpose of programming logic devices manufactured by
Intel and sold by Intel or its authorized distributors.  Please
refer to the applicable agreement for further details, at
https://fpgasoftware.intel.com/eula.



+---------------------------------------------------------------------------------+
; Timing Analyzer Summary                                                         ;
+-----------------------+---------------------------------------------------------+
; Quartus Prime Version ; Version 20.1.1 Build 720 11/11/2020 SJ Standard Edition ;
; Timing Analyzer       ; Timing Analyzer                                         ;
; Revision Name         ; lab2                                                    ;
; Device Family         ; Arria 10                                                ;
; Device Name           ; 10AX115N1F45I1SG                                        ;
; Timing Models         ; Final                                                   ;
; Delay Model           ; Combined                                                ;
; Rise/Fall Delays      ; Enabled                                                 ;
+-----------------------+---------------------------------------------------------+


+------------------------------------------+
; Parallel Compilation                     ;
+----------------------------+-------------+
; Processors                 ; Number      ;
+----------------------------+-------------+
; Number detected on machine ; 12          ;
; Maximum allowed            ; 4           ;
;                            ;             ;
; Average used               ; 1.09        ;
; Maximum used               ; 4           ;
;                            ;             ;
; Usage by Processor         ; % Time Used ;
;     Processor 1            ; 100.0%      ;
;     Processors 2-4         ;   2.9%      ;
+----------------------------+-------------+


+---------------------------------------------------+
; SDC File List                                     ;
+---------------+--------+--------------------------+
; SDC File Path ; Status ; Read at                  ;
+---------------+--------+--------------------------+
; SDC1.sdc      ; OK     ; Wed Oct 27 21:39:43 2021 ;
+---------------+--------+--------------------------+


+---------------------------------------------------------------------------------------------------------------------------------------------------------------------------------+
; Clocks                                                                                                                                                                          ;
+------------+------+--------+------------+-------+-------+------------+-----------+-------------+-------+--------+-----------+------------+----------+--------+--------+---------+
; Clock Name ; Type ; Period ; Frequency  ; Rise  ; Fall  ; Duty Cycle ; Divide by ; Multiply by ; Phase ; Offset ; Edge List ; Edge Shift ; Inverted ; Master ; Source ; Targets ;
+------------+------+--------+------------+-------+-------+------------+-----------+-------------+-------+--------+-----------+------------+----------+--------+--------+---------+
; clk        ; Base ; 1.000  ; 1000.0 MHz ; 0.000 ; 0.500 ;            ;           ;             ;       ;        ;           ;            ;          ;        ;        ; { clk } ;
+------------+------+--------+------------+-------+-------+------------+-----------+-------------+-------+--------+-----------+------------+----------+--------+--------+---------+


+--------------------------------------------------+
; Slow 900mV 100C Model Fmax Summary               ;
+------------+-----------------+------------+------+
; Fmax       ; Restricted Fmax ; Clock Name ; Note ;
+------------+-----------------+------------+------+
; 463.61 MHz ; 463.61 MHz      ; clk        ;      ;
+------------+-----------------+------------+------+
This panel reports FMAX for every clock in the design, regardless of the user-specified clock periods.  FMAX is only computed for paths where the source and destination registers or ports are driven by the same clock.  Paths of different clocks, including generated clocks, are ignored.  For paths between a clock and its inversion, FMAX is computed as if the rising and falling edges are scaled along with FMAX, such that the duty cycle (in terms of a percentage) is maintained. Altera recommends that you always use clock constraints and other slack reports for sign-off analysis.


----------------------------------
; Timing Closure Recommendations ;
----------------------------------
HTML report is unavailable in plain text report export.


+-------------------------------------+
; Slow 900mV 100C Model Setup Summary ;
+-------+--------+--------------------+
; Clock ; Slack  ; End Point TNS      ;
+-------+--------+--------------------+
; clk   ; -1.157 ; -172.471           ;
+-------+--------+--------------------+


+------------------------------------+
; Slow 900mV 100C Model Hold Summary ;
+-------+-------+--------------------+
; Clock ; Slack ; End Point TNS      ;
+-------+-------+--------------------+
; clk   ; 0.046 ; 0.000              ;
+-------+-------+--------------------+


------------------------------------------
; Slow 900mV 100C Model Recovery Summary ;
------------------------------------------
No paths to report.


-----------------------------------------
; Slow 900mV 100C Model Removal Summary ;
-----------------------------------------
No paths to report.


+---------------------------------------------------+
; Slow 900mV 100C Model Minimum Pulse Width Summary ;
+-------+--------+----------------------------------+
; Clock ; Slack  ; End Point TNS                    ;
+-------+--------+----------------------------------+
; clk   ; -1.150 ; -31.600                          ;
+-------+--------+----------------------------------+


-----------------------------------------------
; Slow 900mV 100C Model Metastability Summary ;
-----------------------------------------------
No synchronizer chains to report.


+-------------------------------------------------+
; Slow 900mV 0C Model Fmax Summary                ;
+-----------+-----------------+------------+------+
; Fmax      ; Restricted Fmax ; Clock Name ; Note ;
+-----------+-----------------+------------+------+
; 429.0 MHz ; 429.0 MHz       ; clk        ;      ;
+-----------+-----------------+------------+------+
This panel reports FMAX for every clock in the design, regardless of the user-specified clock periods.  FMAX is only computed for paths where the source and destination registers or ports are driven by the same clock.  Paths of different clocks, including generated clocks, are ignored.  For paths between a clock and its inversion, FMAX is computed as if the rising and falling edges are scaled along with FMAX, such that the duty cycle (in terms of a percentage) is maintained. Altera recommends that you always use clock constraints and other slack reports for sign-off analysis.


+-----------------------------------+
; Slow 900mV 0C Model Setup Summary ;
+-------+--------+------------------+
; Clock ; Slack  ; End Point TNS    ;
+-------+--------+------------------+
; clk   ; -1.331 ; -166.189         ;
+-------+--------+------------------+


+----------------------------------+
; Slow 900mV 0C Model Hold Summary ;
+-------+-------+------------------+
; Clock ; Slack ; End Point TNS    ;
+-------+-------+------------------+
; clk   ; 0.044 ; 0.000            ;
+-------+-------+------------------+


----------------------------------------
; Slow 900mV 0C Model Recovery Summary ;
----------------------------------------
No paths to report.


---------------------------------------
; Slow 900mV 0C Model Removal Summary ;
---------------------------------------
No paths to report.


+-------------------------------------------------+
; Slow 900mV 0C Model Minimum Pulse Width Summary ;
+-------+--------+--------------------------------+
; Clock ; Slack  ; End Point TNS                  ;
+-------+--------+--------------------------------+
; clk   ; -1.150 ; -31.600                        ;
+-------+--------+--------------------------------+


---------------------------------------------
; Slow 900mV 0C Model Metastability Summary ;
---------------------------------------------
No synchronizer chains to report.


+-------------------------------------+
; Fast 900mV 100C Model Setup Summary ;
+-------+--------+--------------------+
; Clock ; Slack  ; End Point TNS      ;
+-------+--------+--------------------+
; clk   ; -0.421 ; -27.075            ;
+-------+--------+--------------------+


+------------------------------------+
; Fast 900mV 100C Model Hold Summary ;
+-------+-------+--------------------+
; Clock ; Slack ; End Point TNS      ;
+-------+-------+--------------------+
; clk   ; 0.018 ; 0.000              ;
+-------+-------+--------------------+


------------------------------------------
; Fast 900mV 100C Model Recovery Summary ;
------------------------------------------
No paths to report.


-----------------------------------------
; Fast 900mV 100C Model Removal Summary ;
-----------------------------------------
No paths to report.


+---------------------------------------------------+
; Fast 900mV 100C Model Minimum Pulse Width Summary ;
+-------+--------+----------------------------------+
; Clock ; Slack  ; End Point TNS                    ;
+-------+--------+----------------------------------+
; clk   ; -0.810 ; -22.420                          ;
+-------+--------+----------------------------------+


-----------------------------------------------
; Fast 900mV 100C Model Metastability Summary ;
-----------------------------------------------
No synchronizer chains to report.


+-----------------------------------+
; Fast 900mV 0C Model Setup Summary ;
+-------+--------+------------------+
; Clock ; Slack  ; End Point TNS    ;
+-------+--------+------------------+
; clk   ; -0.259 ; -10.389          ;
+-------+--------+------------------+


+----------------------------------+
; Fast 900mV 0C Model Hold Summary ;
+-------+-------+------------------+
; Clock ; Slack ; End Point TNS    ;
+-------+-------+------------------+
; clk   ; 0.016 ; 0.000            ;
+-------+-------+------------------+


----------------------------------------
; Fast 900mV 0C Model Recovery Summary ;
----------------------------------------
No paths to report.


---------------------------------------
; Fast 900mV 0C Model Removal Summary ;
---------------------------------------
No paths to report.


+-------------------------------------------------+
; Fast 900mV 0C Model Minimum Pulse Width Summary ;
+-------+--------+--------------------------------+
; Clock ; Slack  ; End Point TNS                  ;
+-------+--------+--------------------------------+
; clk   ; -0.810 ; -22.420                        ;
+-------+--------+--------------------------------+


---------------------------------------------
; Fast 900mV 0C Model Metastability Summary ;
---------------------------------------------
No synchronizer chains to report.


+--------------------------------------------------------------------------------+
; Multicorner Timing Analysis Summary                                            ;
+------------------+----------+-------+----------+---------+---------------------+
; Clock            ; Setup    ; Hold  ; Recovery ; Removal ; Minimum Pulse Width ;
+------------------+----------+-------+----------+---------+---------------------+
; Worst-case Slack ; -1.331   ; 0.016 ; N/A      ; N/A     ; -1.150              ;
;  clk             ; -1.331   ; 0.016 ; N/A      ; N/A     ; -1.150              ;
; Design-wide TNS  ; -172.471 ; 0.0   ; 0.0      ; 0.0     ; -31.6               ;
;  clk             ; -172.471 ; 0.000 ; N/A      ; N/A     ; -31.600             ;
+------------------+----------+-------+----------+---------+---------------------+


+--------------------------------------------------------------------------------------------------------------------------------------------------------------------------------------------------------------------------------------------------------------------------------------------------------------------------------------------------------------------------------------------------------+
; Board Trace Model Assignments                                                                                                                                                                                                                                                                                                                                                                          ;
+-----+--------------+-------------------+-------------------------+-------------------------+---------------+---------------------+----------------+------------------+--------+------------------+------------------------+------------------------+--------------+---------------+-----------------+-------+---------------------+--------------------+---------------+-----------------+-------------+
; Pin ; I/O Standard ; Near Tline Length ; Near Tline L per Length ; Near Tline C per Length ; Near Series R ; Near Differential R ; Near Pull-up R ; Near Pull-down R ; Near C ; Far Tline Length ; Far Tline L per Length ; Far Tline C per Length ; Far Series R ; Far Pull-up R ; Far Pull-down R ; Far C ; Termination Voltage ; Far Differential R ; EBD File Name ; EBD Signal Name ; EBD Far-end ;
+-----+--------------+-------------------+-------------------------+-------------------------+---------------+---------------------+----------------+------------------+--------+------------------+------------------------+------------------------+--------------+---------------+-----------------+-------+---------------------+--------------------+---------------+-----------------+-------------+


+-------------------------------------------------------------------+
; Input Transition Times                                            ;
+----------------+--------------+-----------------+-----------------+
; Pin            ; I/O Standard ; 10-90 Rise Time ; 90-10 Fall Time ;
+----------------+--------------+-----------------+-----------------+
; clk            ; 1.8 V        ; 1440 ps         ; 1440 ps         ;
; ~ALTERA_DATA0~ ; 1.8 V        ; 1440 ps         ; 1440 ps         ;
+----------------+--------------+-----------------+-----------------+


+----------------------------------------------------------------------------------------------------------------------------------------------------------------------------------------------------------------------------------------------------------------------------------------------------------------------------------------------------------------------------------------------------------------------------------------------------------------------------------------------------------------------------------------------------------------------------------------------------------------------------------------------------------------------------------+
; Signal Integrity Metrics (Slow 900mv 100c Model)                                                                                                                                                                                                                                                                                                                                                                                                                                                                                                                                                                                                                                 ;
+-----+--------------+---------------------+---------------------+------------------------------+------------------------------+---------------------+---------------------+--------------------------------------+--------------------------------------+-----------------------------+-----------------------------+----------------------------+----------------------------+-----------------------------+-----------------------------+--------------------+--------------------+-------------------------------------+-------------------------------------+----------------------------+----------------------------+---------------------------+---------------------------+
; Pin ; I/O Standard ; Board Delay on Rise ; Board Delay on Fall ; Steady State Voh at FPGA Pin ; Steady State Vol at FPGA Pin ; Voh Max at FPGA Pin ; Vol Min at FPGA Pin ; Ringback Voltage on Rise at FPGA Pin ; Ringback Voltage on Fall at FPGA Pin ; 10-90 Rise Time at FPGA Pin ; 90-10 Fall Time at FPGA Pin ; Monotonic Rise at FPGA Pin ; Monotonic Fall at FPGA Pin ; Steady State Voh at Far-end ; Steady State Vol at Far-end ; Voh Max at Far-end ; Vol Min at Far-end ; Ringback Voltage on Rise at Far-end ; Ringback Voltage on Fall at Far-end ; 10-90 Rise Time at Far-end ; 90-10 Fall Time at Far-end ; Monotonic Rise at Far-end ; Monotonic Fall at Far-end ;
+-----+--------------+---------------------+---------------------+------------------------------+------------------------------+---------------------+---------------------+--------------------------------------+--------------------------------------+-----------------------------+-----------------------------+----------------------------+----------------------------+-----------------------------+-----------------------------+--------------------+--------------------+-------------------------------------+-------------------------------------+----------------------------+----------------------------+---------------------------+---------------------------+


+----------------------------------------------------------------------------------------------------------------------------------------------------------------------------------------------------------------------------------------------------------------------------------------------------------------------------------------------------------------------------------------------------------------------------------------------------------------------------------------------------------------------------------------------------------------------------------------------------------------------------------------------------------------------------------+
; Signal Integrity Metrics (Fast 900mv 0c Model)                                                                                                                                                                                                                                                                                                                                                                                                                                                                                                                                                                                                                                   ;
+-----+--------------+---------------------+---------------------+------------------------------+------------------------------+---------------------+---------------------+--------------------------------------+--------------------------------------+-----------------------------+-----------------------------+----------------------------+----------------------------+-----------------------------+-----------------------------+--------------------+--------------------+-------------------------------------+-------------------------------------+----------------------------+----------------------------+---------------------------+---------------------------+
; Pin ; I/O Standard ; Board Delay on Rise ; Board Delay on Fall ; Steady State Voh at FPGA Pin ; Steady State Vol at FPGA Pin ; Voh Max at FPGA Pin ; Vol Min at FPGA Pin ; Ringback Voltage on Rise at FPGA Pin ; Ringback Voltage on Fall at FPGA Pin ; 10-90 Rise Time at FPGA Pin ; 90-10 Fall Time at FPGA Pin ; Monotonic Rise at FPGA Pin ; Monotonic Fall at FPGA Pin ; Steady State Voh at Far-end ; Steady State Vol at Far-end ; Voh Max at Far-end ; Vol Min at Far-end ; Ringback Voltage on Rise at Far-end ; Ringback Voltage on Fall at Far-end ; 10-90 Rise Time at Far-end ; 90-10 Fall Time at Far-end ; Monotonic Rise at Far-end ; Monotonic Fall at Far-end ;
+-----+--------------+---------------------+---------------------+------------------------------+------------------------------+---------------------+---------------------+--------------------------------------+--------------------------------------+-----------------------------+-----------------------------+----------------------------+----------------------------+-----------------------------+-----------------------------+--------------------+--------------------+-------------------------------------+-------------------------------------+----------------------------+----------------------------+---------------------------+---------------------------+


+-------------------------------------------------------------------+
; Setup Transfers                                                   ;
+------------+----------+----------+----------+----------+----------+
; From Clock ; To Clock ; RR Paths ; FR Paths ; RF Paths ; FF Paths ;
+------------+----------+----------+----------+----------+----------+
; clk        ; clk      ; 28497    ; 0        ; 0        ; 0        ;
+------------+----------+----------+----------+----------+----------+
Entries labeled "false path" only account for clock-to-clock false paths and not path-based false paths. As a result, actual path counts may be lower than reported.


+-------------------------------------------------------------------+
; Hold Transfers                                                    ;
+------------+----------+----------+----------+----------+----------+
; From Clock ; To Clock ; RR Paths ; FR Paths ; RF Paths ; FF Paths ;
+------------+----------+----------+----------+----------+----------+
; clk        ; clk      ; 28497    ; 0        ; 0        ; 0        ;
+------------+----------+----------+----------+----------+----------+
Entries labeled "false path" only account for clock-to-clock false paths and not path-based false paths. As a result, actual path counts may be lower than reported.


+-------------------------------------------------+
; Unconstrained Paths Summary                     ;
+---------------------------------+-------+-------+
; Property                        ; Setup ; Hold  ;
+---------------------------------+-------+-------+
; Illegal Clocks                  ; 0     ; 0     ;
; Unconstrained Clocks            ; 0     ; 0     ;
; Unconstrained Input Ports       ; 83    ; 83    ;
; Unconstrained Input Port Paths  ; 29022 ; 29022 ;
; Unconstrained Output Ports      ; 10    ; 10    ;
; Unconstrained Output Port Paths ; 11    ; 11    ;
+---------------------------------+-------+-------+


+-------------------------------------+
; Clock Status Summary                ;
+--------+-------+------+-------------+
; Target ; Clock ; Type ; Status      ;
+--------+-------+------+-------------+
; clk    ; clk   ; Base ; Constrained ;
+--------+-------+------+-------------+


+---------------------------------------------------------------------------------------------------+
; Unconstrained Input Ports                                                                         ;
+------------+--------------------------------------------------------------------------------------+
; Input Port ; Comment                                                                              ;
+------------+--------------------------------------------------------------------------------------+
; i_f[0]     ; No input delay, min/max delays, false-path exceptions, or max skew assignments found ;
; i_f[1]     ; No input delay, min/max delays, false-path exceptions, or max skew assignments found ;
; i_f[2]     ; No input delay, min/max delays, false-path exceptions, or max skew assignments found ;
; i_f[3]     ; No input delay, min/max delays, false-path exceptions, or max skew assignments found ;
; i_f[4]     ; No input delay, min/max delays, false-path exceptions, or max skew assignments found ;
; i_f[5]     ; No input delay, min/max delays, false-path exceptions, or max skew assignments found ;
; i_f[6]     ; No input delay, min/max delays, false-path exceptions, or max skew assignments found ;
; i_f[7]     ; No input delay, min/max delays, false-path exceptions, or max skew assignments found ;
; i_f[8]     ; No input delay, min/max delays, false-path exceptions, or max skew assignments found ;
; i_f[9]     ; No input delay, min/max delays, false-path exceptions, or max skew assignments found ;
; i_f[10]    ; No input delay, min/max delays, false-path exceptions, or max skew assignments found ;
; i_f[11]    ; No input delay, min/max delays, false-path exceptions, or max skew assignments found ;
; i_f[12]    ; No input delay, min/max delays, false-path exceptions, or max skew assignments found ;
; i_f[13]    ; No input delay, min/max delays, false-path exceptions, or max skew assignments found ;
; i_f[14]    ; No input delay, min/max delays, false-path exceptions, or max skew assignments found ;
; i_f[15]    ; No input delay, min/max delays, false-path exceptions, or max skew assignments found ;
; i_f[16]    ; No input delay, min/max delays, false-path exceptions, or max skew assignments found ;
; i_f[17]    ; No input delay, min/max delays, false-path exceptions, or max skew assignments found ;
; i_f[18]    ; No input delay, min/max delays, false-path exceptions, or max skew assignments found ;
; i_f[19]    ; No input delay, min/max delays, false-path exceptions, or max skew assignments found ;
; i_f[20]    ; No input delay, min/max delays, false-path exceptions, or max skew assignments found ;
; i_f[21]    ; No input delay, min/max delays, false-path exceptions, or max skew assignments found ;
; i_f[22]    ; No input delay, min/max delays, false-path exceptions, or max skew assignments found ;
; i_f[23]    ; No input delay, min/max delays, false-path exceptions, or max skew assignments found ;
; i_f[24]    ; No input delay, min/max delays, false-path exceptions, or max skew assignments found ;
; i_f[25]    ; No input delay, min/max delays, false-path exceptions, or max skew assignments found ;
; i_f[26]    ; No input delay, min/max delays, false-path exceptions, or max skew assignments found ;
; i_f[27]    ; No input delay, min/max delays, false-path exceptions, or max skew assignments found ;
; i_f[28]    ; No input delay, min/max delays, false-path exceptions, or max skew assignments found ;
; i_f[29]    ; No input delay, min/max delays, false-path exceptions, or max skew assignments found ;
; i_f[30]    ; No input delay, min/max delays, false-path exceptions, or max skew assignments found ;
; i_f[31]    ; No input delay, min/max delays, false-path exceptions, or max skew assignments found ;
; i_f[32]    ; No input delay, min/max delays, false-path exceptions, or max skew assignments found ;
; i_f[33]    ; No input delay, min/max delays, false-path exceptions, or max skew assignments found ;
; i_f[34]    ; No input delay, min/max delays, false-path exceptions, or max skew assignments found ;
; i_f[35]    ; No input delay, min/max delays, false-path exceptions, or max skew assignments found ;
; i_f[36]    ; No input delay, min/max delays, false-path exceptions, or max skew assignments found ;
; i_f[37]    ; No input delay, min/max delays, false-path exceptions, or max skew assignments found ;
; i_f[38]    ; No input delay, min/max delays, false-path exceptions, or max skew assignments found ;
; i_f[39]    ; No input delay, min/max delays, false-path exceptions, or max skew assignments found ;
; i_f[40]    ; No input delay, min/max delays, false-path exceptions, or max skew assignments found ;
; i_f[41]    ; No input delay, min/max delays, false-path exceptions, or max skew assignments found ;
; i_f[42]    ; No input delay, min/max delays, false-path exceptions, or max skew assignments found ;
; i_f[43]    ; No input delay, min/max delays, false-path exceptions, or max skew assignments found ;
; i_f[44]    ; No input delay, min/max delays, false-path exceptions, or max skew assignments found ;
; i_f[45]    ; No input delay, min/max delays, false-path exceptions, or max skew assignments found ;
; i_f[46]    ; No input delay, min/max delays, false-path exceptions, or max skew assignments found ;
; i_f[47]    ; No input delay, min/max delays, false-path exceptions, or max skew assignments found ;
; i_f[48]    ; No input delay, min/max delays, false-path exceptions, or max skew assignments found ;
; i_f[49]    ; No input delay, min/max delays, false-path exceptions, or max skew assignments found ;
; i_f[50]    ; No input delay, min/max delays, false-path exceptions, or max skew assignments found ;
; i_f[51]    ; No input delay, min/max delays, false-path exceptions, or max skew assignments found ;
; i_f[52]    ; No input delay, min/max delays, false-path exceptions, or max skew assignments found ;
; i_f[53]    ; No input delay, min/max delays, false-path exceptions, or max skew assignments found ;
; i_f[54]    ; No input delay, min/max delays, false-path exceptions, or max skew assignments found ;
; i_f[55]    ; No input delay, min/max delays, false-path exceptions, or max skew assignments found ;
; i_f[56]    ; No input delay, min/max delays, false-path exceptions, or max skew assignments found ;
; i_f[57]    ; No input delay, min/max delays, false-path exceptions, or max skew assignments found ;
; i_f[58]    ; No input delay, min/max delays, false-path exceptions, or max skew assignments found ;
; i_f[59]    ; No input delay, min/max delays, false-path exceptions, or max skew assignments found ;
; i_f[60]    ; No input delay, min/max delays, false-path exceptions, or max skew assignments found ;
; i_f[61]    ; No input delay, min/max delays, false-path exceptions, or max skew assignments found ;
; i_f[62]    ; No input delay, min/max delays, false-path exceptions, or max skew assignments found ;
; i_f[63]    ; No input delay, min/max delays, false-path exceptions, or max skew assignments found ;
; i_f[64]    ; No input delay, min/max delays, false-path exceptions, or max skew assignments found ;
; i_f[65]    ; No input delay, min/max delays, false-path exceptions, or max skew assignments found ;
; i_f[66]    ; No input delay, min/max delays, false-path exceptions, or max skew assignments found ;
; i_f[67]    ; No input delay, min/max delays, false-path exceptions, or max skew assignments found ;
; i_f[68]    ; No input delay, min/max delays, false-path exceptions, or max skew assignments found ;
; i_f[69]    ; No input delay, min/max delays, false-path exceptions, or max skew assignments found ;
; i_f[70]    ; No input delay, min/max delays, false-path exceptions, or max skew assignments found ;
; i_f[71]    ; No input delay, min/max delays, false-path exceptions, or max skew assignments found ;
; i_ready    ; No input delay, min/max delays, false-path exceptions, or max skew assignments found ;
; i_valid    ; No input delay, min/max delays, false-path exceptions, or max skew assignments found ;
; i_x[0]     ; No input delay, min/max delays, false-path exceptions, or max skew assignments found ;
; i_x[1]     ; No input delay, min/max delays, false-path exceptions, or max skew assignments found ;
; i_x[2]     ; No input delay, min/max delays, false-path exceptions, or max skew assignments found ;
; i_x[3]     ; No input delay, min/max delays, false-path exceptions, or max skew assignments found ;
; i_x[4]     ; No input delay, min/max delays, false-path exceptions, or max skew assignments found ;
; i_x[5]     ; No input delay, min/max delays, false-path exceptions, or max skew assignments found ;
; i_x[6]     ; No input delay, min/max delays, false-path exceptions, or max skew assignments found ;
; i_x[7]     ; No input delay, min/max delays, false-path exceptions, or max skew assignments found ;
; reset      ; No input delay, min/max delays, false-path exceptions, or max skew assignments found ;
+------------+--------------------------------------------------------------------------------------+


+-----------------------------------------------------------------------------------------------------+
; Unconstrained Output Ports                                                                          ;
+-------------+---------------------------------------------------------------------------------------+
; Output Port ; Comment                                                                               ;
+-------------+---------------------------------------------------------------------------------------+
; o_ready     ; No output delay, min/max delays, false-path exceptions, or max skew assignments found ;
; o_valid     ; No output delay, min/max delays, false-path exceptions, or max skew assignments found ;
; o_y[0]      ; No output delay, min/max delays, false-path exceptions, or max skew assignments found ;
; o_y[1]      ; No output delay, min/max delays, false-path exceptions, or max skew assignments found ;
; o_y[2]      ; No output delay, min/max delays, false-path exceptions, or max skew assignments found ;
; o_y[3]      ; No output delay, min/max delays, false-path exceptions, or max skew assignments found ;
; o_y[4]      ; No output delay, min/max delays, false-path exceptions, or max skew assignments found ;
; o_y[5]      ; No output delay, min/max delays, false-path exceptions, or max skew assignments found ;
; o_y[6]      ; No output delay, min/max delays, false-path exceptions, or max skew assignments found ;
; o_y[7]      ; No output delay, min/max delays, false-path exceptions, or max skew assignments found ;
+-------------+---------------------------------------------------------------------------------------+


+---------------------------------------------------------------------------------------------------+
; Unconstrained Input Ports                                                                         ;
+------------+--------------------------------------------------------------------------------------+
; Input Port ; Comment                                                                              ;
+------------+--------------------------------------------------------------------------------------+
; i_f[0]     ; No input delay, min/max delays, false-path exceptions, or max skew assignments found ;
; i_f[1]     ; No input delay, min/max delays, false-path exceptions, or max skew assignments found ;
; i_f[2]     ; No input delay, min/max delays, false-path exceptions, or max skew assignments found ;
; i_f[3]     ; No input delay, min/max delays, false-path exceptions, or max skew assignments found ;
; i_f[4]     ; No input delay, min/max delays, false-path exceptions, or max skew assignments found ;
; i_f[5]     ; No input delay, min/max delays, false-path exceptions, or max skew assignments found ;
; i_f[6]     ; No input delay, min/max delays, false-path exceptions, or max skew assignments found ;
; i_f[7]     ; No input delay, min/max delays, false-path exceptions, or max skew assignments found ;
; i_f[8]     ; No input delay, min/max delays, false-path exceptions, or max skew assignments found ;
; i_f[9]     ; No input delay, min/max delays, false-path exceptions, or max skew assignments found ;
; i_f[10]    ; No input delay, min/max delays, false-path exceptions, or max skew assignments found ;
; i_f[11]    ; No input delay, min/max delays, false-path exceptions, or max skew assignments found ;
; i_f[12]    ; No input delay, min/max delays, false-path exceptions, or max skew assignments found ;
; i_f[13]    ; No input delay, min/max delays, false-path exceptions, or max skew assignments found ;
; i_f[14]    ; No input delay, min/max delays, false-path exceptions, or max skew assignments found ;
; i_f[15]    ; No input delay, min/max delays, false-path exceptions, or max skew assignments found ;
; i_f[16]    ; No input delay, min/max delays, false-path exceptions, or max skew assignments found ;
; i_f[17]    ; No input delay, min/max delays, false-path exceptions, or max skew assignments found ;
; i_f[18]    ; No input delay, min/max delays, false-path exceptions, or max skew assignments found ;
; i_f[19]    ; No input delay, min/max delays, false-path exceptions, or max skew assignments found ;
; i_f[20]    ; No input delay, min/max delays, false-path exceptions, or max skew assignments found ;
; i_f[21]    ; No input delay, min/max delays, false-path exceptions, or max skew assignments found ;
; i_f[22]    ; No input delay, min/max delays, false-path exceptions, or max skew assignments found ;
; i_f[23]    ; No input delay, min/max delays, false-path exceptions, or max skew assignments found ;
; i_f[24]    ; No input delay, min/max delays, false-path exceptions, or max skew assignments found ;
; i_f[25]    ; No input delay, min/max delays, false-path exceptions, or max skew assignments found ;
; i_f[26]    ; No input delay, min/max delays, false-path exceptions, or max skew assignments found ;
; i_f[27]    ; No input delay, min/max delays, false-path exceptions, or max skew assignments found ;
; i_f[28]    ; No input delay, min/max delays, false-path exceptions, or max skew assignments found ;
; i_f[29]    ; No input delay, min/max delays, false-path exceptions, or max skew assignments found ;
; i_f[30]    ; No input delay, min/max delays, false-path exceptions, or max skew assignments found ;
; i_f[31]    ; No input delay, min/max delays, false-path exceptions, or max skew assignments found ;
; i_f[32]    ; No input delay, min/max delays, false-path exceptions, or max skew assignments found ;
; i_f[33]    ; No input delay, min/max delays, false-path exceptions, or max skew assignments found ;
; i_f[34]    ; No input delay, min/max delays, false-path exceptions, or max skew assignments found ;
; i_f[35]    ; No input delay, min/max delays, false-path exceptions, or max skew assignments found ;
; i_f[36]    ; No input delay, min/max delays, false-path exceptions, or max skew assignments found ;
; i_f[37]    ; No input delay, min/max delays, false-path exceptions, or max skew assignments found ;
; i_f[38]    ; No input delay, min/max delays, false-path exceptions, or max skew assignments found ;
; i_f[39]    ; No input delay, min/max delays, false-path exceptions, or max skew assignments found ;
; i_f[40]    ; No input delay, min/max delays, false-path exceptions, or max skew assignments found ;
; i_f[41]    ; No input delay, min/max delays, false-path exceptions, or max skew assignments found ;
; i_f[42]    ; No input delay, min/max delays, false-path exceptions, or max skew assignments found ;
; i_f[43]    ; No input delay, min/max delays, false-path exceptions, or max skew assignments found ;
; i_f[44]    ; No input delay, min/max delays, false-path exceptions, or max skew assignments found ;
; i_f[45]    ; No input delay, min/max delays, false-path exceptions, or max skew assignments found ;
; i_f[46]    ; No input delay, min/max delays, false-path exceptions, or max skew assignments found ;
; i_f[47]    ; No input delay, min/max delays, false-path exceptions, or max skew assignments found ;
; i_f[48]    ; No input delay, min/max delays, false-path exceptions, or max skew assignments found ;
; i_f[49]    ; No input delay, min/max delays, false-path exceptions, or max skew assignments found ;
; i_f[50]    ; No input delay, min/max delays, false-path exceptions, or max skew assignments found ;
; i_f[51]    ; No input delay, min/max delays, false-path exceptions, or max skew assignments found ;
; i_f[52]    ; No input delay, min/max delays, false-path exceptions, or max skew assignments found ;
; i_f[53]    ; No input delay, min/max delays, false-path exceptions, or max skew assignments found ;
; i_f[54]    ; No input delay, min/max delays, false-path exceptions, or max skew assignments found ;
; i_f[55]    ; No input delay, min/max delays, false-path exceptions, or max skew assignments found ;
; i_f[56]    ; No input delay, min/max delays, false-path exceptions, or max skew assignments found ;
; i_f[57]    ; No input delay, min/max delays, false-path exceptions, or max skew assignments found ;
; i_f[58]    ; No input delay, min/max delays, false-path exceptions, or max skew assignments found ;
; i_f[59]    ; No input delay, min/max delays, false-path exceptions, or max skew assignments found ;
; i_f[60]    ; No input delay, min/max delays, false-path exceptions, or max skew assignments found ;
; i_f[61]    ; No input delay, min/max delays, false-path exceptions, or max skew assignments found ;
; i_f[62]    ; No input delay, min/max delays, false-path exceptions, or max skew assignments found ;
; i_f[63]    ; No input delay, min/max delays, false-path exceptions, or max skew assignments found ;
; i_f[64]    ; No input delay, min/max delays, false-path exceptions, or max skew assignments found ;
; i_f[65]    ; No input delay, min/max delays, false-path exceptions, or max skew assignments found ;
; i_f[66]    ; No input delay, min/max delays, false-path exceptions, or max skew assignments found ;
; i_f[67]    ; No input delay, min/max delays, false-path exceptions, or max skew assignments found ;
; i_f[68]    ; No input delay, min/max delays, false-path exceptions, or max skew assignments found ;
; i_f[69]    ; No input delay, min/max delays, false-path exceptions, or max skew assignments found ;
; i_f[70]    ; No input delay, min/max delays, false-path exceptions, or max skew assignments found ;
; i_f[71]    ; No input delay, min/max delays, false-path exceptions, or max skew assignments found ;
; i_ready    ; No input delay, min/max delays, false-path exceptions, or max skew assignments found ;
; i_valid    ; No input delay, min/max delays, false-path exceptions, or max skew assignments found ;
; i_x[0]     ; No input delay, min/max delays, false-path exceptions, or max skew assignments found ;
; i_x[1]     ; No input delay, min/max delays, false-path exceptions, or max skew assignments found ;
; i_x[2]     ; No input delay, min/max delays, false-path exceptions, or max skew assignments found ;
; i_x[3]     ; No input delay, min/max delays, false-path exceptions, or max skew assignments found ;
; i_x[4]     ; No input delay, min/max delays, false-path exceptions, or max skew assignments found ;
; i_x[5]     ; No input delay, min/max delays, false-path exceptions, or max skew assignments found ;
; i_x[6]     ; No input delay, min/max delays, false-path exceptions, or max skew assignments found ;
; i_x[7]     ; No input delay, min/max delays, false-path exceptions, or max skew assignments found ;
; reset      ; No input delay, min/max delays, false-path exceptions, or max skew assignments found ;
+------------+--------------------------------------------------------------------------------------+


+-----------------------------------------------------------------------------------------------------+
; Unconstrained Output Ports                                                                          ;
+-------------+---------------------------------------------------------------------------------------+
; Output Port ; Comment                                                                               ;
+-------------+---------------------------------------------------------------------------------------+
; o_ready     ; No output delay, min/max delays, false-path exceptions, or max skew assignments found ;
; o_valid     ; No output delay, min/max delays, false-path exceptions, or max skew assignments found ;
; o_y[0]      ; No output delay, min/max delays, false-path exceptions, or max skew assignments found ;
; o_y[1]      ; No output delay, min/max delays, false-path exceptions, or max skew assignments found ;
; o_y[2]      ; No output delay, min/max delays, false-path exceptions, or max skew assignments found ;
; o_y[3]      ; No output delay, min/max delays, false-path exceptions, or max skew assignments found ;
; o_y[4]      ; No output delay, min/max delays, false-path exceptions, or max skew assignments found ;
; o_y[5]      ; No output delay, min/max delays, false-path exceptions, or max skew assignments found ;
; o_y[6]      ; No output delay, min/max delays, false-path exceptions, or max skew assignments found ;
; o_y[7]      ; No output delay, min/max delays, false-path exceptions, or max skew assignments found ;
+-------------+---------------------------------------------------------------------------------------+


+--------------------------+
; Timing Analyzer Messages ;
+--------------------------+
Info: *******************************************************************
Info: Running Quartus Prime Timing Analyzer
    Info: Version 20.1.1 Build 720 11/11/2020 SJ Standard Edition
    Info: Processing started: Wed Oct 27 21:39:21 2021
Info: Command: quartus_sta lab2 -c lab2
Info: qsta_default_script.tcl version: #1
Info (20032): Parallel compilation is enabled and will use up to 4 processors
Info (21076): Core supply voltage operating condition is not set. Assuming a default value of '0.9V'.
Info (21077): Low junction temperature is 0 degrees C
Info (21077): High junction temperature is 100 degrees C
Info (332104): Reading SDC File: 'SDC1.sdc'
Info (332143): No user constrained clock uncertainty found in the design. Calling "derive_clock_uncertainty"
Info (332123): Deriving Clock Uncertainty. Please refer to report_sdc in the Timing Analyzer to see clock uncertainties.
Info: Found TIMING_ANALYZER_REPORT_SCRIPT_INCLUDE_DEFAULT_ANALYSIS = ON
Info: Analyzing Slow 900mV 100C Model
Critical Warning (332148): Timing requirements not met
    Info (11105): For recommendations on closing timing, run Report Timing Closure Recommendations in the Timing Analyzer.
Info (332146): Worst-case setup slack is -1.157
    Info (332119):     Slack       End Point TNS Clock 
    Info (332119): ========= =================== =====================
    Info (332119):    -1.157            -172.471 clk 
Info (332146): Worst-case hold slack is 0.046
    Info (332119):     Slack       End Point TNS Clock 
    Info (332119): ========= =================== =====================
    Info (332119):     0.046               0.000 clk 
Info (332140): No Recovery paths to report
Info (332140): No Removal paths to report
Info (332146): Worst-case minimum pulse width slack is -1.150
    Info (332119):     Slack       End Point TNS Clock 
    Info (332119): ========= =================== =====================
    Info (332119):    -1.150             -31.600 clk 
Info: Analyzing Slow 900mV 0C Model
Info (332146): Worst-case setup slack is -1.331
    Info (332119):     Slack       End Point TNS Clock 
    Info (332119): ========= =================== =====================
    Info (332119):    -1.331            -166.189 clk 
Info (332146): Worst-case hold slack is 0.044
    Info (332119):     Slack       End Point TNS Clock 
    Info (332119): ========= =================== =====================
    Info (332119):     0.044               0.000 clk 
Info (332140): No Recovery paths to report
Info (332140): No Removal paths to report
Info (332146): Worst-case minimum pulse width slack is -1.150
    Info (332119):     Slack       End Point TNS Clock 
    Info (332119): ========= =================== =====================
    Info (332119):    -1.150             -31.600 clk 
Info: Analyzing Fast 900mV 100C Model
Info (332146): Worst-case setup slack is -0.421
    Info (332119):     Slack       End Point TNS Clock 
    Info (332119): ========= =================== =====================
    Info (332119):    -0.421             -27.075 clk 
Info (332146): Worst-case hold slack is 0.018
    Info (332119):     Slack       End Point TNS Clock 
    Info (332119): ========= =================== =====================
    Info (332119):     0.018               0.000 clk 
Info (332140): No Recovery paths to report
Info (332140): No Removal paths to report
Info (332146): Worst-case minimum pulse width slack is -0.810
    Info (332119):     Slack       End Point TNS Clock 
    Info (332119): ========= =================== =====================
    Info (332119):    -0.810             -22.420 clk 
Info: Analyzing Fast 900mV 0C Model
Info (332146): Worst-case setup slack is -0.259
    Info (332119):     Slack       End Point TNS Clock 
    Info (332119): ========= =================== =====================
    Info (332119):    -0.259             -10.389 clk 
Info (332146): Worst-case hold slack is 0.016
    Info (332119):     Slack       End Point TNS Clock 
    Info (332119): ========= =================== =====================
    Info (332119):     0.016               0.000 clk 
Info (332140): No Recovery paths to report
Info (332140): No Removal paths to report
Info (332146): Worst-case minimum pulse width slack is -0.810
    Info (332119):     Slack       End Point TNS Clock 
    Info (332119): ========= =================== =====================
    Info (332119):    -0.810             -22.420 clk 
Info (332102): Design is not fully constrained for setup requirements
Info (332102): Design is not fully constrained for hold requirements
Info: Quartus Prime Timing Analyzer was successful. 0 errors, 1 warning
    Info: Peak virtual memory: 7195 megabytes
    Info: Processing ended: Wed Oct 27 21:39:45 2021
    Info: Elapsed time: 00:00:24
    Info: Total CPU time (on all processors): 00:00:26


